// Jest Snapshot v1, https://goo.gl/fbAQLP

exports[`matches snapshot 1`] = `
<div>
  <button
    className="sc-hKgILt lnPSxw button"
    data-testid="button"
  >
    save
  </button>
</div>
`;
